{"time":"2026-05-04T22:05:38.315215381Z","level":"INFO","msg":"kafka producer initialized","service":"booking-service","env":"prod","brokers":["kafka:29092"]}
{"time":"2026-05-04T22:05:38.320119798Z","level":"INFO","msg":"application initialized","service":"booking-service","env":"prod"}
{"time":"2026-05-04T22:05:38.322122465Z","level":"INFO","msg":"starting grpc app","service":"booking-service","env":"prod"}
{"time":"2026-05-04T22:05:38.32433584Z","level":"INFO","msg":"outbox worker started","service":"booking-service","env":"prod","trace_id":"175bf1eebfbc61fbd4387fd697e61763","span_id":"45472b2ab3a2c66b"}
{"time":"2026-05-04T22:05:38.327249673Z","level":"INFO","msg":"grpc listener started","service":"booking-service","env":"prod","addr":"[::]:60017"}
{"time":"2026-05-04T22:14:59.657015377Z","level":"INFO","msg":"booking created","service":"booking-service","env":"prod","booking_id":"2d7c4ee3-6f88-451c-964c-8b10328fcf64","resource_id":"76059eec-5f37-4257-a596-92f63271c62c","user_id":"bf269475-3a76-4151-a67b-6460ceb69117","trace_id":"2e83907d209c1841615e3386d096b744","span_id":"37e7c1b082f3870f"}
{"time":"2026-05-04T22:32:56.667330334Z","level":"INFO","msg":"shutdown signal received","service":"booking-service","env":"prod"}
{"time":"2026-05-04T22:32:56.669569459Z","level":"INFO","msg":"stopping grpc app","service":"booking-service","env":"prod"}
{"time":"2026-05-04T22:32:56.670065251Z","level":"INFO","msg":"stopping grpc server","service":"booking-service","env":"prod"}
{"time":"2026-05-04T22:32:56.673062959Z","level":"INFO","msg":"grpc server stopped","service":"booking-service","env":"prod"}
{"time":"2026-05-04T22:33:17.861207844Z","level":"INFO","msg":"kafka producer initialized","service":"booking-service","env":"prod","brokers":["kafka:29092"]}
{"time":"2026-05-04T22:33:17.867391177Z","level":"INFO","msg":"application initialized","service":"booking-service","env":"prod"}
{"time":"2026-05-04T22:33:17.868889094Z","level":"INFO","msg":"starting grpc app","service":"booking-service","env":"prod"}
{"time":"2026-05-04T22:33:17.871329886Z","level":"INFO","msg":"outbox worker started","service":"booking-service","env":"prod","trace_id":"7585d43946d04978b57105057056d34d","span_id":"5525ad8683d795ba"}
{"time":"2026-05-04T22:33:17.873745177Z","level":"INFO","msg":"grpc listener started","service":"booking-service","env":"prod","addr":"[::]:60017"}
{"time":"2026-05-04T22:40:54.972984083Z","level":"INFO","msg":"shutdown signal received","service":"booking-service","env":"prod"}
{"time":"2026-05-04T22:40:54.973883458Z","level":"INFO","msg":"stopping grpc app","service":"booking-service","env":"prod"}
{"time":"2026-05-04T22:40:54.974493416Z","level":"INFO","msg":"stopping grpc server","service":"booking-service","env":"prod"}
{"time":"2026-05-04T22:40:54.9776455Z","level":"INFO","msg":"grpc server stopped","service":"booking-service","env":"prod"}
{"time":"2026-05-04T22:40:54.980826416Z","level":"INFO","msg":"outbox worker stopped","service":"booking-service","env":"prod","trace_id":"7585d43946d04978b57105057056d34d","span_id":"5525ad8683d795ba"}
{"time":"2026-05-04T22:40:54.981692416Z","level":"WARN","msg":"outbox worker stopped","service":"booking-service","env":"prod","error":"context canceled"}
{"time":"2026-05-04T22:40:54.986008333Z","level":"INFO","msg":"kafka producer closed","service":"booking-service","env":"prod"}
{"time":"2026-05-04T22:42:00.300115877Z","level":"INFO","msg":"kafka producer initialized","service":"booking-service","env":"prod","brokers":["kafka:29092"]}
{"time":"2026-05-04T22:42:00.306016836Z","level":"INFO","msg":"application initialized","service":"booking-service","env":"prod"}
{"time":"2026-05-04T22:42:00.307590294Z","level":"INFO","msg":"starting grpc app","service":"booking-service","env":"prod"}
{"time":"2026-05-04T22:42:00.310173794Z","level":"INFO","msg":"outbox worker started","service":"booking-service","env":"prod","trace_id":"96ff80dbbea1b92b1525794bb85a2d21","span_id":"e9e096219d064d16"}
{"time":"2026-05-04T22:42:00.311552544Z","level":"INFO","msg":"grpc listener started","service":"booking-service","env":"prod","addr":"[::]:60017"}
{"time":"2026-05-04T22:51:18.596068928Z","level":"INFO","msg":"shutdown signal received","service":"booking-service","env":"prod"}
{"time":"2026-05-04T22:51:18.597584511Z","level":"INFO","msg":"stopping grpc app","service":"booking-service","env":"prod"}
{"time":"2026-05-04T22:51:18.598955386Z","level":"INFO","msg":"stopping grpc server","service":"booking-service","env":"prod"}
{"time":"2026-05-04T22:51:18.601622886Z","level":"INFO","msg":"grpc server stopped","service":"booking-service","env":"prod"}
{"time":"2026-05-04T22:51:18.603749886Z","level":"INFO","msg":"outbox worker stopped","service":"booking-service","env":"prod","trace_id":"96ff80dbbea1b92b1525794bb85a2d21","span_id":"e9e096219d064d16"}
{"time":"2026-05-04T22:51:41.840806008Z","level":"INFO","msg":"kafka producer initialized","service":"booking-service","env":"prod","brokers":["kafka:29092"]}
{"time":"2026-05-04T22:51:41.846058049Z","level":"INFO","msg":"application initialized","service":"booking-service","env":"prod"}
{"time":"2026-05-04T22:51:41.847971591Z","level":"INFO","msg":"starting grpc app","service":"booking-service","env":"prod"}
{"time":"2026-05-04T22:51:41.851333049Z","level":"INFO","msg":"outbox worker started","service":"booking-service","env":"prod","trace_id":"ab49550d6c41f1ea46afea6234453e81","span_id":"0532467e1aba3a68"}
{"time":"2026-05-04T22:51:41.853317966Z","level":"INFO","msg":"grpc listener started","service":"booking-service","env":"prod","addr":"[::]:60017"}
{"time":"2026-05-04T22:55:02.481566587Z","level":"INFO","msg":"shutdown signal received","service":"booking-service","env":"prod"}
{"time":"2026-05-04T22:55:02.482394462Z","level":"INFO","msg":"stopping grpc app","service":"booking-service","env":"prod"}
{"time":"2026-05-04T22:55:02.483170378Z","level":"INFO","msg":"stopping grpc server","service":"booking-service","env":"prod"}
{"time":"2026-05-04T22:55:02.485845295Z","level":"INFO","msg":"grpc server stopped","service":"booking-service","env":"prod"}
{"time":"2026-05-04T22:55:02.49155167Z","level":"INFO","msg":"outbox worker stopped","service":"booking-service","env":"prod","trace_id":"ab49550d6c41f1ea46afea6234453e81","span_id":"0532467e1aba3a68"}
{"time":"2026-05-04T22:55:22.486179013Z","level":"INFO","msg":"kafka producer initialized","service":"booking-service","env":"prod","brokers":["kafka:29092"]}
{"time":"2026-05-04T22:55:22.491099929Z","level":"INFO","msg":"application initialized","service":"booking-service","env":"prod"}
{"time":"2026-05-04T22:55:22.493046638Z","level":"INFO","msg":"starting grpc app","service":"booking-service","env":"prod"}
{"time":"2026-05-04T22:55:22.495753554Z","level":"INFO","msg":"outbox worker started","service":"booking-service","env":"prod","trace_id":"409d62b61a8495d9febb1ef0bb633066","span_id":"da7d6519648fa8b0"}
{"time":"2026-05-04T22:55:22.497362013Z","level":"INFO","msg":"grpc listener started","service":"booking-service","env":"prod","addr":"[::]:60017"}
{"time":"2026-05-04T22:56:37.646815964Z","level":"INFO","msg":"shutdown signal received","service":"booking-service","env":"prod"}
{"time":"2026-05-04T22:56:37.647316089Z","level":"INFO","msg":"stopping grpc app","service":"booking-service","env":"prod"}
{"time":"2026-05-04T22:56:37.647807006Z","level":"INFO","msg":"stopping grpc server","service":"booking-service","env":"prod"}
{"time":"2026-05-04T22:56:37.651024297Z","level":"INFO","msg":"grpc server stopped","service":"booking-service","env":"prod"}
{"time":"2026-05-04T22:56:37.655284172Z","level":"INFO","msg":"outbox worker stopped","service":"booking-service","env":"prod","trace_id":"409d62b61a8495d9febb1ef0bb633066","span_id":"da7d6519648fa8b0"}
{"time":"2026-05-04T22:56:37.656186631Z","level":"WARN","msg":"outbox worker stopped","service":"booking-service","env":"prod","error":"context canceled"}
{"time":"2026-05-04T22:56:58.662086668Z","level":"INFO","msg":"kafka producer initialized","service":"booking-service","env":"prod","brokers":["kafka:29092"]}
{"time":"2026-05-04T22:56:58.66606371Z","level":"INFO","msg":"application initialized","service":"booking-service","env":"prod"}
{"time":"2026-05-04T22:56:58.668845501Z","level":"INFO","msg":"starting grpc app","service":"booking-service","env":"prod"}
{"time":"2026-05-04T22:56:58.671571126Z","level":"INFO","msg":"outbox worker started","service":"booking-service","env":"prod","trace_id":"9562d84bd101242309759a15f81ef233","span_id":"ce06ffe1b63c0c20"}
{"time":"2026-05-04T22:56:58.672700543Z","level":"INFO","msg":"grpc listener started","service":"booking-service","env":"prod","addr":"[::]:60017"}
{"time":"2026-05-04T23:00:39.94487709Z","level":"INFO","msg":"shutdown signal received","service":"booking-service","env":"prod"}
{"time":"2026-05-04T23:00:39.94683434Z","level":"INFO","msg":"stopping grpc app","service":"booking-service","env":"prod"}
{"time":"2026-05-04T23:00:39.948772548Z","level":"INFO","msg":"stopping grpc server","service":"booking-service","env":"prod"}
{"time":"2026-05-04T23:00:39.959098382Z","level":"INFO","msg":"grpc server stopped","service":"booking-service","env":"prod"}
{"time":"2026-05-05T06:41:52.502828506Z","level":"INFO","msg":"kafka producer initialized","service":"booking-service","env":"prod","brokers":["kafka:29092"]}
{"time":"2026-05-05T06:41:52.508261506Z","level":"INFO","msg":"application initialized","service":"booking-service","env":"prod"}
{"time":"2026-05-05T06:41:52.510285589Z","level":"INFO","msg":"starting grpc app","service":"booking-service","env":"prod"}
{"time":"2026-05-05T06:41:52.512508714Z","level":"INFO","msg":"outbox worker started","service":"booking-service","env":"prod","trace_id":"d9242bab1dfce1f11f5958c262ca508b","span_id":"e60402627aaaa473"}
{"time":"2026-05-05T06:41:52.515486881Z","level":"INFO","msg":"grpc listener started","service":"booking-service","env":"prod","addr":"[::]:60017"}
{"time":"2026-05-05T07:08:07.581044804Z","level":"WARN","msg":"grpc request failed","service":"booking-service","env":"prod","method":"/booking.v1.BookingService/CreateBooking","grpc_code":"Internal","error":"rpc error: code = Internal desc = failed to create booking: Service.CreateBooking: invalid booking time range","trace_id":"edeab8ece7188fa18cfc8d7c1e7d0353","span_id":"077ccdd7c22f7723"}
{"time":"2026-05-05T07:08:14.683837669Z","level":"WARN","msg":"grpc request failed","service":"booking-service","env":"prod","method":"/booking.v1.BookingService/CreateBooking","grpc_code":"Internal","error":"rpc error: code = Internal desc = failed to create booking: Service.CreateBooking: invalid booking time range","trace_id":"b6f9fd6e35827229d55d01879224b545","span_id":"3c5096910facbf28"}
{"time":"2026-05-05T07:08:19.016342087Z","level":"INFO","msg":"booking created","service":"booking-service","env":"prod","booking_id":"31f632ee-98c1-4925-878e-7ebe676f62df","resource_id":"1f8c7f14-b3fb-4c53-acaa-c9c15ce81eea","user_id":"b1e4cc86-46c8-40c3-a52d-ba751a8d54f7","trace_id":"4475c12400f8afbb11c3d1b257f5ee36","span_id":"1f493924fa9d77df"}
{"time":"2026-05-05T08:48:20.944155046Z","level":"INFO","msg":"booking created","service":"booking-service","env":"prod","booking_id":"d987b3ce-1d4c-487a-a3cb-aaf601c7eccb","resource_id":"1f8c7f14-b3fb-4c53-acaa-c9c15ce81eea","user_id":"4280d595-905b-4e67-9e4f-07008832dadd","trace_id":"9bb70857d5e966b991d4a6acf0427e67","span_id":"20d8fac3924475bc"}
{"time":"2026-05-05T08:48:51.588046546Z","level":"INFO","msg":"booking created","service":"booking-service","env":"prod","booking_id":"0f5b6a2a-7683-41c3-b2f3-62a2d68dd42a","resource_id":"1f8c7f14-b3fb-4c53-acaa-c9c15ce81eea","user_id":"b1e4cc86-46c8-40c3-a52d-ba751a8d54f7","trace_id":"b9633229f24f1a008af960bef598fc76","span_id":"f7a5aaa5fdb30a99"}
{"time":"2026-05-05T21:18:57.575144254Z","level":"INFO","msg":"shutdown signal received","service":"booking-service","env":"prod"}
{"time":"2026-05-05T21:18:57.576588754Z","level":"INFO","msg":"stopping grpc app","service":"booking-service","env":"prod"}
{"time":"2026-05-05T21:18:57.577528337Z","level":"INFO","msg":"stopping grpc server","service":"booking-service","env":"prod"}
{"time":"2026-05-05T21:18:57.581201296Z","level":"INFO","msg":"grpc server stopped","service":"booking-service","env":"prod"}
{"time":"2026-05-05T21:18:57.583128046Z","level":"INFO","msg":"outbox worker stopped","service":"booking-service","env":"prod","trace_id":"d9242bab1dfce1f11f5958c262ca508b","span_id":"e60402627aaaa473"}
{"time":"2026-05-05T21:18:57.583759337Z","level":"WARN","msg":"outbox worker stopped","service":"booking-service","env":"prod","error":"context canceled"}
{"time":"2026-05-05T21:18:57.588634212Z","level":"INFO","msg":"kafka producer closed","service":"booking-service","env":"prod"}
{"time":"2026-05-05T21:18:57.590895379Z","level":"INFO","msg":"application stopped","service":"booking-service","env":"prod"}
{"time":"2026-05-05T21:18:57.591405379Z","level":"INFO","msg":"application stopped","service":"booking-service","env":"prod"}
{"time":"2026-05-05T21:19:54.749801378Z","level":"INFO","msg":"kafka producer initialized","service":"booking-service","env":"prod","brokers":["kafka:29092"]}
{"time":"2026-05-05T21:19:54.754128211Z","level":"INFO","msg":"application initialized","service":"booking-service","env":"prod"}
{"time":"2026-05-05T21:19:54.755500878Z","level":"INFO","msg":"starting grpc app","service":"booking-service","env":"prod"}
{"time":"2026-05-05T21:19:54.758119294Z","level":"INFO","msg":"outbox worker started","service":"booking-service","env":"prod","trace_id":"34a04ca6f8687957f41327c81f4d4f38","span_id":"e44d340661737bef"}
{"time":"2026-05-05T21:19:54.759323711Z","level":"INFO","msg":"grpc listener started","service":"booking-service","env":"prod","addr":"[::]:60017"}
{"time":"2026-05-05T21:29:37.443168009Z","level":"INFO","msg":"shutdown signal received","service":"booking-service","env":"prod"}
{"time":"2026-05-05T21:29:37.444520759Z","level":"INFO","msg":"stopping grpc app","service":"booking-service","env":"prod"}
{"time":"2026-05-05T21:29:37.445157425Z","level":"INFO","msg":"stopping grpc server","service":"booking-service","env":"prod"}
{"time":"2026-05-05T21:29:37.448653384Z","level":"INFO","msg":"grpc server stopped","service":"booking-service","env":"prod"}
{"time":"2026-05-05T21:29:37.449363259Z","level":"INFO","msg":"outbox worker stopped","service":"booking-service","env":"prod","trace_id":"34a04ca6f8687957f41327c81f4d4f38","span_id":"e44d340661737bef"}
{"time":"2026-05-05T21:29:37.45010105Z","level":"WARN","msg":"outbox worker stopped","service":"booking-service","env":"prod","error":"context canceled"}
{"time":"2026-05-05T21:29:37.453573509Z","level":"INFO","msg":"kafka producer closed","service":"booking-service","env":"prod"}
{"time":"2026-05-05T21:29:37.454475967Z","level":"INFO","msg":"application stopped","service":"booking-service","env":"prod"}
{"time":"2026-05-05T21:29:37.454940509Z","level":"INFO","msg":"application stopped","service":"booking-service","env":"prod"}
{"time":"2026-05-05T21:30:14.494836845Z","level":"INFO","msg":"kafka producer initialized","service":"booking-service","env":"prod","brokers":["kafka:29092"]}
{"time":"2026-05-05T21:30:14.500067054Z","level":"INFO","msg":"application initialized","service":"booking-service","env":"prod"}
{"time":"2026-05-05T21:30:14.501871345Z","level":"INFO","msg":"starting grpc app","service":"booking-service","env":"prod"}
{"time":"2026-05-05T21:30:14.504331179Z","level":"INFO","msg":"outbox worker started","service":"booking-service","env":"prod","trace_id":"039b5686633c6003a217678b2d601509","span_id":"eecf8fbe685c3a2f"}
{"time":"2026-05-05T21:30:14.506431512Z","level":"INFO","msg":"grpc listener started","service":"booking-service","env":"prod","addr":"[::]:60017"}
{"time":"2026-05-05T21:40:31.135003089Z","level":"INFO","msg":"shutdown signal received","service":"booking-service","env":"prod"}
{"time":"2026-05-05T21:40:31.135999131Z","level":"INFO","msg":"stopping grpc app","service":"booking-service","env":"prod"}
{"time":"2026-05-05T21:40:31.136292589Z","level":"INFO","msg":"stopping grpc server","service":"booking-service","env":"prod"}
{"time":"2026-05-05T21:40:31.142586839Z","level":"INFO","msg":"grpc server stopped","service":"booking-service","env":"prod"}
{"time":"2026-05-05T21:40:31.145434464Z","level":"INFO","msg":"outbox worker stopped","service":"booking-service","env":"prod","trace_id":"039b5686633c6003a217678b2d601509","span_id":"eecf8fbe685c3a2f"}
{"time":"2026-05-05T21:40:31.146481172Z","level":"WARN","msg":"outbox worker stopped","service":"booking-service","env":"prod","error":"context canceled"}
{"time":"2026-05-05T21:40:31.149940589Z","level":"INFO","msg":"kafka producer closed","service":"booking-service","env":"prod"}
{"time":"2026-05-05T21:43:01.713801131Z","level":"INFO","msg":"kafka producer initialized","service":"booking-service","env":"prod","brokers":["kafka:29092"]}
{"time":"2026-05-05T21:43:01.718033131Z","level":"INFO","msg":"application initialized","service":"booking-service","env":"prod"}
{"time":"2026-05-05T21:43:01.720015547Z","level":"INFO","msg":"starting grpc app","service":"booking-service","env":"prod"}
{"time":"2026-05-05T21:43:01.722178922Z","level":"INFO","msg":"outbox worker started","service":"booking-service","env":"prod","trace_id":"04863db6b5d1363240692fd8a1fc630d","span_id":"a7c437b744302830"}
{"time":"2026-05-05T21:43:01.724010506Z","level":"INFO","msg":"grpc listener started","service":"booking-service","env":"prod","addr":"[::]:60017"}
{"time":"2026-05-05T21:45:38.774653134Z","level":"INFO","msg":"shutdown signal received","service":"booking-service","env":"prod"}
{"time":"2026-05-05T21:45:38.775629176Z","level":"INFO","msg":"stopping grpc app","service":"booking-service","env":"prod"}
{"time":"2026-05-05T21:45:38.776215759Z","level":"INFO","msg":"stopping grpc server","service":"booking-service","env":"prod"}
{"time":"2026-05-05T21:45:38.780992801Z","level":"INFO","msg":"grpc server stopped","service":"booking-service","env":"prod"}
{"time":"2026-05-05T21:45:38.786482551Z","level":"INFO","msg":"outbox worker stopped","service":"booking-service","env":"prod","trace_id":"04863db6b5d1363240692fd8a1fc630d","span_id":"a7c437b744302830"}
{"time":"2026-05-05T21:46:01.015004422Z","level":"INFO","msg":"kafka producer initialized","service":"booking-service","env":"prod","brokers":["kafka:29092"]}
{"time":"2026-05-05T21:46:01.020476005Z","level":"INFO","msg":"application initialized","service":"booking-service","env":"prod"}
{"time":"2026-05-05T21:46:01.026013922Z","level":"INFO","msg":"starting grpc app","service":"booking-service","env":"prod"}
{"time":"2026-05-05T21:46:01.02874438Z","level":"INFO","msg":"outbox worker started","service":"booking-service","env":"prod","trace_id":"498ead507b988a029ab1f7dbd5e89ba8","span_id":"344585528f840b4e"}
{"time":"2026-05-05T21:46:01.030437339Z","level":"INFO","msg":"grpc listener started","service":"booking-service","env":"prod","addr":"[::]:60017"}
{"time":"2026-05-05T22:45:11.421034135Z","level":"INFO","msg":"shutdown signal received","service":"booking-service","env":"prod"}
{"time":"2026-05-05T22:45:11.422248385Z","level":"INFO","msg":"stopping grpc app","service":"booking-service","env":"prod"}
{"time":"2026-05-05T22:45:11.423129093Z","level":"INFO","msg":"stopping grpc server","service":"booking-service","env":"prod"}
{"time":"2026-05-05T22:45:11.427184218Z","level":"INFO","msg":"grpc server stopped","service":"booking-service","env":"prod"}
{"time":"2026-05-05T22:45:11.431632927Z","level":"INFO","msg":"outbox worker stopped","service":"booking-service","env":"prod","trace_id":"498ead507b988a029ab1f7dbd5e89ba8","span_id":"344585528f840b4e"}
{"time":"2026-05-05T22:45:11.432866385Z","level":"WARN","msg":"outbox worker stopped","service":"booking-service","env":"prod","error":"context canceled"}
{"time":"2026-05-05T22:45:11.438156468Z","level":"INFO","msg":"kafka producer closed","service":"booking-service","env":"prod"}
{"time":"2026-05-05T22:45:11.439263427Z","level":"INFO","msg":"application stopped","service":"booking-service","env":"prod"}
{"time":"2026-05-05T22:45:11.439813635Z","level":"INFO","msg":"application stopped","service":"booking-service","env":"prod"}
{"time":"2026-05-05T22:45:39.172693509Z","level":"INFO","msg":"kafka producer initialized","service":"booking-service","env":"prod","brokers":["kafka:29092"]}
{"time":"2026-05-05T22:45:39.178350592Z","level":"INFO","msg":"application initialized","service":"booking-service","env":"prod"}
{"time":"2026-05-05T22:45:39.179937509Z","level":"INFO","msg":"starting grpc app","service":"booking-service","env":"prod"}
{"time":"2026-05-05T22:45:39.182337426Z","level":"INFO","msg":"outbox worker started","service":"booking-service","env":"prod","trace_id":"d77690607bd130471a2a2e7d51854539","span_id":"3757729da71eefda"}
{"time":"2026-05-05T22:45:39.184875259Z","level":"INFO","msg":"grpc listener started","service":"booking-service","env":"prod","addr":"[::]:60017"}
{"time":"2026-05-05T22:50:31.265779255Z","level":"INFO","msg":"shutdown signal received","service":"booking-service","env":"prod"}
{"time":"2026-05-05T22:50:31.266202589Z","level":"INFO","msg":"stopping grpc app","service":"booking-service","env":"prod"}
{"time":"2026-05-05T22:50:31.266887089Z","level":"INFO","msg":"stopping grpc server","service":"booking-service","env":"prod"}
{"time":"2026-05-05T22:50:31.270941922Z","level":"INFO","msg":"grpc server stopped","service":"booking-service","env":"prod"}
{"time":"2026-05-05T22:50:31.272336422Z","level":"INFO","msg":"outbox worker stopped","service":"booking-service","env":"prod","trace_id":"d77690607bd130471a2a2e7d51854539","span_id":"3757729da71eefda"}
{"time":"2026-05-05T22:50:55.626778211Z","level":"INFO","msg":"kafka producer initialized","service":"booking-service","env":"prod","brokers":["kafka:29092"]}
{"time":"2026-05-05T22:50:55.632396128Z","level":"INFO","msg":"application initialized","service":"booking-service","env":"prod"}
{"time":"2026-05-05T22:50:55.633995836Z","level":"INFO","msg":"starting grpc app","service":"booking-service","env":"prod"}
{"time":"2026-05-05T22:50:55.636352836Z","level":"INFO","msg":"outbox worker started","service":"booking-service","env":"prod","trace_id":"f1b272cfa4fd3297afd2cea2b9b07c44","span_id":"3cdfbe2aac03b7de"}
{"time":"2026-05-05T22:50:55.638899753Z","level":"INFO","msg":"grpc listener started","service":"booking-service","env":"prod","addr":"[::]:60017"}
{"time":"2026-05-05T23:02:19.712534166Z","level":"INFO","msg":"shutdown signal received","service":"booking-service","env":"prod"}
{"time":"2026-05-05T23:02:19.713678291Z","level":"INFO","msg":"stopping grpc app","service":"booking-service","env":"prod"}
{"time":"2026-05-05T23:02:19.7152225Z","level":"INFO","msg":"stopping grpc server","service":"booking-service","env":"prod"}
{"time":"2026-05-05T23:02:19.719144625Z","level":"INFO","msg":"grpc server stopped","service":"booking-service","env":"prod"}
{"time":"2026-05-05T23:02:19.724029125Z","level":"INFO","msg":"outbox worker stopped","service":"booking-service","env":"prod","trace_id":"f1b272cfa4fd3297afd2cea2b9b07c44","span_id":"3cdfbe2aac03b7de"}
{"time":"2026-05-05T23:02:39.211514551Z","level":"INFO","msg":"kafka producer initialized","service":"booking-service","env":"prod","brokers":["kafka:29092"]}
{"time":"2026-05-05T23:02:39.216825676Z","level":"INFO","msg":"application initialized","service":"booking-service","env":"prod"}
{"time":"2026-05-05T23:02:39.218416676Z","level":"INFO","msg":"starting grpc app","service":"booking-service","env":"prod"}
{"time":"2026-05-05T23:02:39.220836259Z","level":"INFO","msg":"outbox worker started","service":"booking-service","env":"prod","trace_id":"edd2a61c9ca3bd4eaac79b49a8187f6a","span_id":"8d7b16cb1779de44"}
{"time":"2026-05-05T23:02:39.223122217Z","level":"INFO","msg":"grpc listener started","service":"booking-service","env":"prod","addr":"[::]:60017"}
{"time":"2026-05-05T23:23:20.620385208Z","level":"INFO","msg":"shutdown signal received","service":"booking-service","env":"prod"}
{"time":"2026-05-05T23:23:20.621656333Z","level":"INFO","msg":"stopping grpc app","service":"booking-service","env":"prod"}
{"time":"2026-05-05T23:23:20.622667833Z","level":"INFO","msg":"stopping grpc server","service":"booking-service","env":"prod"}
{"time":"2026-05-05T23:23:20.628732958Z","level":"INFO","msg":"outbox worker stopped","service":"booking-service","env":"prod","trace_id":"edd2a61c9ca3bd4eaac79b49a8187f6a","span_id":"8d7b16cb1779de44"}
{"time":"2026-05-05T23:23:20.628968125Z","level":"INFO","msg":"grpc server stopped","service":"booking-service","env":"prod"}
{"time":"2026-05-05T23:23:20.629938125Z","level":"WARN","msg":"outbox worker stopped","service":"booking-service","env":"prod","error":"context canceled"}
{"time":"2026-05-05T23:23:20.633455333Z","level":"INFO","msg":"kafka producer closed","service":"booking-service","env":"prod"}
{"time":"2026-05-05T23:23:20.635167833Z","level":"INFO","msg":"application stopped","service":"booking-service","env":"prod"}
{"time":"2026-05-05T23:23:20.636927333Z","level":"INFO","msg":"application stopped","service":"booking-service","env":"prod"}
{"time":"2026-05-05T23:26:56.192603294Z","level":"ERROR","msg":"postgres ping failed","service":"booking-service","env":"prod","error":"pq: password authentication failed for user \"postgres\" (28P01)"}
{"time":"2026-05-05T23:26:56.194653544Z","level":"ERROR","msg":"failed to init app","service":"booking-service","env":"prod","error":"App.New: init repository: repository.New: pq: password authentication failed for user \"postgres\" (28P01)"}
{"time":"2026-05-05T23:26:56.517069628Z","level":"ERROR","msg":"postgres ping failed","service":"booking-service","env":"prod","error":"pq: password authentication failed for user \"postgres\" (28P01)"}
{"time":"2026-05-05T23:26:56.519130086Z","level":"ERROR","msg":"failed to init app","service":"booking-service","env":"prod","error":"App.New: init repository: repository.New: pq: password authentication failed for user \"postgres\" (28P01)"}
{"time":"2026-05-05T23:26:56.939770128Z","level":"ERROR","msg":"postgres ping failed","service":"booking-service","env":"prod","error":"pq: password authentication failed for user \"postgres\" (28P01)"}
{"time":"2026-05-05T23:26:56.941787961Z","level":"ERROR","msg":"failed to init app","service":"booking-service","env":"prod","error":"App.New: init repository: repository.New: pq: password authentication failed for user \"postgres\" (28P01)"}
{"time":"2026-05-05T23:26:57.580585295Z","level":"ERROR","msg":"postgres ping failed","service":"booking-service","env":"prod","error":"pq: password authentication failed for user \"postgres\" (28P01)"}
{"time":"2026-05-05T23:26:57.582358253Z","level":"ERROR","msg":"failed to init app","service":"booking-service","env":"prod","error":"App.New: init repository: repository.New: pq: password authentication failed for user \"postgres\" (28P01)"}
{"time":"2026-05-05T23:26:58.625759837Z","level":"ERROR","msg":"postgres ping failed","service":"booking-service","env":"prod","error":"pq: password authentication failed for user \"postgres\" (28P01)"}
{"time":"2026-05-05T23:26:58.627516546Z","level":"ERROR","msg":"failed to init app","service":"booking-service","env":"prod","error":"App.New: init repository: repository.New: pq: password authentication failed for user \"postgres\" (28P01)"}
{"time":"2026-05-05T23:27:00.466884755Z","level":"ERROR","msg":"postgres ping failed","service":"booking-service","env":"prod","error":"pq: password authentication failed for user \"postgres\" (28P01)"}
{"time":"2026-05-05T23:27:00.46857663Z","level":"ERROR","msg":"failed to init app","service":"booking-service","env":"prod","error":"App.New: init repository: repository.New: pq: password authentication failed for user \"postgres\" (28P01)"}
{"time":"2026-05-05T23:27:03.89984634Z","level":"ERROR","msg":"postgres ping failed","service":"booking-service","env":"prod","error":"pq: password authentication failed for user \"postgres\" (28P01)"}
{"time":"2026-05-05T23:27:03.90201684Z","level":"ERROR","msg":"failed to init app","service":"booking-service","env":"prod","error":"App.New: init repository: repository.New: pq: password authentication failed for user \"postgres\" (28P01)"}
{"time":"2026-05-05T23:27:10.57574751Z","level":"ERROR","msg":"postgres ping failed","service":"booking-service","env":"prod","error":"pq: password authentication failed for user \"postgres\" (28P01)"}
{"time":"2026-05-05T23:27:10.577747176Z","level":"ERROR","msg":"failed to init app","service":"booking-service","env":"prod","error":"App.New: init repository: repository.New: pq: password authentication failed for user \"postgres\" (28P01)"}
{"time":"2026-05-05T23:27:32.215398381Z","level":"ERROR","msg":"postgres ping failed","service":"booking-service","env":"prod","error":"pq: password authentication failed for user \"postgres\" (28P01)"}
{"time":"2026-05-05T23:27:32.217347631Z","level":"ERROR","msg":"failed to init app","service":"booking-service","env":"prod","error":"App.New: init repository: repository.New: pq: password authentication failed for user \"postgres\" (28P01)"}
{"time":"2026-05-05T23:27:32.557491922Z","level":"ERROR","msg":"postgres ping failed","service":"booking-service","env":"prod","error":"pq: password authentication failed for user \"postgres\" (28P01)"}
{"time":"2026-05-05T23:27:32.559259797Z","level":"ERROR","msg":"failed to init app","service":"booking-service","env":"prod","error":"App.New: init repository: repository.New: pq: password authentication failed for user \"postgres\" (28P01)"}
{"time":"2026-05-05T23:27:33.007609423Z","level":"ERROR","msg":"postgres ping failed","service":"booking-service","env":"prod","error":"pq: password authentication failed for user \"postgres\" (28P01)"}
{"time":"2026-05-05T23:27:33.009405423Z","level":"ERROR","msg":"failed to init app","service":"booking-service","env":"prod","error":"App.New: init repository: repository.New: pq: password authentication failed for user \"postgres\" (28P01)"}
{"time":"2026-05-05T23:27:33.657967506Z","level":"ERROR","msg":"postgres ping failed","service":"booking-service","env":"prod","error":"pq: password authentication failed for user \"postgres\" (28P01)"}
{"time":"2026-05-05T23:27:33.660015548Z","level":"ERROR","msg":"failed to init app","service":"booking-service","env":"prod","error":"App.New: init repository: repository.New: pq: password authentication failed for user \"postgres\" (28P01)"}
{"time":"2026-05-05T23:27:34.739520257Z","level":"ERROR","msg":"postgres ping failed","service":"booking-service","env":"prod","error":"pq: password authentication failed for user \"postgres\" (28P01)"}
{"time":"2026-05-05T23:27:34.741357507Z","level":"ERROR","msg":"failed to init app","service":"booking-service","env":"prod","error":"App.New: init repository: repository.New: pq: password authentication failed for user \"postgres\" (28P01)"}
{"time":"2026-05-05T23:27:36.662272716Z","level":"ERROR","msg":"postgres ping failed","service":"booking-service","env":"prod","error":"pq: password authentication failed for user \"postgres\" (28P01)"}
{"time":"2026-05-05T23:27:36.664205383Z","level":"ERROR","msg":"failed to init app","service":"booking-service","env":"prod","error":"App.New: init repository: repository.New: pq: password authentication failed for user \"postgres\" (28P01)"}
{"time":"2026-05-05T23:27:40.155095051Z","level":"ERROR","msg":"postgres ping failed","service":"booking-service","env":"prod","error":"pq: password authentication failed for user \"postgres\" (28P01)"}
{"time":"2026-05-05T23:27:40.157092968Z","level":"ERROR","msg":"failed to init app","service":"booking-service","env":"prod","error":"App.New: init repository: repository.New: pq: password authentication failed for user \"postgres\" (28P01)"}
{"time":"2026-05-05T23:27:46.816190429Z","level":"ERROR","msg":"postgres ping failed","service":"booking-service","env":"prod","error":"pq: password authentication failed for user \"postgres\" (28P01)"}
{"time":"2026-05-05T23:27:46.818044929Z","level":"ERROR","msg":"failed to init app","service":"booking-service","env":"prod","error":"App.New: init repository: repository.New: pq: password authentication failed for user \"postgres\" (28P01)"}
{"time":"2026-05-05T23:27:59.866542254Z","level":"ERROR","msg":"postgres ping failed","service":"booking-service","env":"prod","error":"pq: password authentication failed for user \"postgres\" (28P01)"}
{"time":"2026-05-05T23:27:59.868511713Z","level":"ERROR","msg":"failed to init app","service":"booking-service","env":"prod","error":"App.New: init repository: repository.New: pq: password authentication failed for user \"postgres\" (28P01)"}
{"time":"2026-05-05T23:28:25.719807002Z","level":"ERROR","msg":"postgres ping failed","service":"booking-service","env":"prod","error":"pq: password authentication failed for user \"postgres\" (28P01)"}
{"time":"2026-05-05T23:28:25.722072586Z","level":"ERROR","msg":"failed to init app","service":"booking-service","env":"prod","error":"App.New: init repository: repository.New: pq: password authentication failed for user \"postgres\" (28P01)"}
{"time":"2026-05-05T23:29:17.176796388Z","level":"ERROR","msg":"postgres ping failed","service":"booking-service","env":"prod","error":"pq: password authentication failed for user \"postgres\" (28P01)"}
{"time":"2026-05-05T23:29:17.178405971Z","level":"ERROR","msg":"failed to init app","service":"booking-service","env":"prod","error":"App.New: init repository: repository.New: pq: password authentication failed for user \"postgres\" (28P01)"}
{"time":"2026-05-05T23:30:17.425076179Z","level":"ERROR","msg":"postgres ping failed","service":"booking-service","env":"prod","error":"pq: password authentication failed for user \"postgres\" (28P01)"}
{"time":"2026-05-05T23:30:17.426698096Z","level":"ERROR","msg":"failed to init app","service":"booking-service","env":"prod","error":"App.New: init repository: repository.New: pq: password authentication failed for user \"postgres\" (28P01)"}
{"time":"2026-05-05T23:31:17.650342263Z","level":"ERROR","msg":"postgres ping failed","service":"booking-service","env":"prod","error":"pq: password authentication failed for user \"postgres\" (28P01)"}
{"time":"2026-05-05T23:31:17.651976513Z","level":"ERROR","msg":"failed to init app","service":"booking-service","env":"prod","error":"App.New: init repository: repository.New: pq: password authentication failed for user \"postgres\" (28P01)"}
{"time":"2026-05-05T23:32:14.171539678Z","level":"INFO","msg":"kafka producer initialized","service":"booking-service","env":"prod","brokers":["kafka:29092"]}
{"time":"2026-05-05T23:32:14.176200845Z","level":"INFO","msg":"application initialized","service":"booking-service","env":"prod"}
{"time":"2026-05-05T23:32:14.178417011Z","level":"INFO","msg":"starting grpc app","service":"booking-service","env":"prod"}
{"time":"2026-05-05T23:32:14.180963136Z","level":"INFO","msg":"outbox worker started","service":"booking-service","env":"prod","trace_id":"041fe6f03c7d298bfd1091b4981bd850","span_id":"1d49a2814c6da31e"}
{"time":"2026-05-05T23:32:14.183112761Z","level":"INFO","msg":"grpc listener started","service":"booking-service","env":"prod","addr":"[::]:60017"}
{"time":"2026-05-05T23:32:56.624923795Z","level":"INFO","msg":"booking created","service":"booking-service","env":"prod","booking_id":"35655ece-4a7e-40d7-8fe1-76c75a26f050","resource_id":"c52165d6-6d08-4090-af1b-37f2416ea85e","user_id":"5ed8fad5-eba7-4481-9b10-692dfcb1ab7f","trace_id":"19d260f8249bfb6fa426bd54f73dfb75","span_id":"4a9ebb903d0fcc9e"}
{"time":"2026-05-05T23:34:06.909995966Z","level":"INFO","msg":"shutdown signal received","service":"booking-service","env":"prod"}
{"time":"2026-05-05T23:34:06.911030966Z","level":"INFO","msg":"stopping grpc app","service":"booking-service","env":"prod"}
{"time":"2026-05-05T23:34:06.911842674Z","level":"INFO","msg":"stopping grpc server","service":"booking-service","env":"prod"}
{"time":"2026-05-05T23:34:06.920629799Z","level":"INFO","msg":"grpc server stopped","service":"booking-service","env":"prod"}
{"time":"2026-05-05T23:35:37.529339466Z","level":"INFO","msg":"kafka producer initialized","service":"booking-service","env":"prod","brokers":["kafka:29092"]}
{"time":"2026-05-05T23:35:37.534677675Z","level":"INFO","msg":"application initialized","service":"booking-service","env":"prod"}
{"time":"2026-05-05T23:35:37.536515758Z","level":"INFO","msg":"starting grpc app","service":"booking-service","env":"prod"}
{"time":"2026-05-05T23:35:37.53935355Z","level":"INFO","msg":"outbox worker started","service":"booking-service","env":"prod","trace_id":"33e93ec426a8450d7683d2780cc250d0","span_id":"7449aafd07f40452"}
{"time":"2026-05-05T23:35:37.540985466Z","level":"INFO","msg":"grpc listener started","service":"booking-service","env":"prod","addr":"[::]:60017"}
{"time":"2026-05-05T23:35:46.981540471Z","level":"INFO","msg":"booking created","service":"booking-service","env":"prod","booking_id":"cda468b6-0bef-42c6-b15a-f021751c2368","resource_id":"c52165d6-6d08-4090-af1b-37f2416ea85e","user_id":"5ed8fad5-eba7-4481-9b10-692dfcb1ab7f","trace_id":"b4ccbc6a0ce23c58b7c2780caa62bb0a","span_id":"f53906e76f3cc4d5"}
{"time":"2026-05-05T23:37:31.92474963Z","level":"INFO","msg":"booking created","service":"booking-service","env":"prod","booking_id":"6ec0d693-e63e-4734-a711-c97bbdf0c4f1","resource_id":"c52165d6-6d08-4090-af1b-37f2416ea85e","user_id":"5ed8fad5-eba7-4481-9b10-692dfcb1ab7f","trace_id":"601813baa2da266aa361cc5e69b75760","span_id":"495c90fb49b8259e"}
{"time":"2026-05-06T00:22:26.177857252Z","level":"INFO","msg":"shutdown signal received","service":"booking-service","env":"prod"}
{"time":"2026-05-06T00:22:26.184522586Z","level":"INFO","msg":"stopping grpc app","service":"booking-service","env":"prod"}
{"time":"2026-05-06T00:22:26.196550461Z","level":"INFO","msg":"stopping grpc server","service":"booking-service","env":"prod"}
{"time":"2026-05-06T00:22:26.237067544Z","level":"INFO","msg":"grpc server stopped","service":"booking-service","env":"prod"}
{"time":"2026-05-06T00:22:26.238182794Z","level":"INFO","msg":"outbox worker stopped","service":"booking-service","env":"prod","trace_id":"33e93ec426a8450d7683d2780cc250d0","span_id":"7449aafd07f40452"}
{"time":"2026-05-06T00:22:26.240733419Z","level":"WARN","msg":"outbox worker stopped","service":"booking-service","env":"prod","error":"context canceled"}
{"time":"2026-05-06T00:22:26.247339252Z","level":"INFO","msg":"kafka producer closed","service":"booking-service","env":"prod"}
{"time":"2026-05-06T00:22:26.248605877Z","level":"INFO","msg":"application stopped","service":"booking-service","env":"prod"}
{"time":"2026-05-06T00:22:26.249171461Z","level":"INFO","msg":"application stopped","service":"booking-service","env":"prod"}
{"time":"2026-05-06T00:22:26.256079211Z","level":"INFO","msg":"traces export: Post \"http://jaeger:4318/v1/traces\": dial tcp 172.18.0.3:4318: connect: connection refused","service":"booking-service","env":"prod"}
{"time":"2026-05-08T15:58:52.943111263Z","level":"INFO","msg":"kafka producer initialized","service":"booking-service","env":"prod","brokers":["kafka:29092"]}
{"time":"2026-05-08T15:58:52.947978305Z","level":"INFO","msg":"application initialized","service":"booking-service","env":"prod"}
{"time":"2026-05-08T15:58:52.950286513Z","level":"INFO","msg":"starting grpc app","service":"booking-service","env":"prod"}
{"time":"2026-05-08T15:58:52.953240596Z","level":"INFO","msg":"outbox worker started","service":"booking-service","env":"prod","trace_id":"8fe0461687907741a7093937be2292a1","span_id":"835fb982ca0cdfef"}
{"time":"2026-05-08T15:58:52.955394596Z","level":"INFO","msg":"grpc listener started","service":"booking-service","env":"prod","addr":"[::]:60017"}
{"time":"2026-05-08T15:59:59.436168627Z","level":"INFO","msg":"shutdown signal received","service":"booking-service","env":"prod"}
{"time":"2026-05-08T15:59:59.437698127Z","level":"INFO","msg":"stopping grpc app","service":"booking-service","env":"prod"}
{"time":"2026-05-08T15:59:59.438122877Z","level":"INFO","msg":"stopping grpc server","service":"booking-service","env":"prod"}
{"time":"2026-05-08T15:59:59.44725646Z","level":"INFO","msg":"grpc server stopped","service":"booking-service","env":"prod"}
{"time":"2026-05-08T15:59:59.452734752Z","level":"INFO","msg":"outbox worker stopped","service":"booking-service","env":"prod","trace_id":"8fe0461687907741a7093937be2292a1","span_id":"835fb982ca0cdfef"}
{"time":"2026-05-08T15:59:59.454577418Z","level":"WARN","msg":"outbox worker stopped","service":"booking-service","env":"prod","error":"context canceled"}
{"time":"2026-05-08T16:01:06.003990213Z","level":"INFO","msg":"kafka producer initialized","service":"booking-service","env":"prod","brokers":["kafka:29092"]}
{"time":"2026-05-08T16:01:06.009369672Z","level":"INFO","msg":"application initialized","service":"booking-service","env":"prod"}
{"time":"2026-05-08T16:01:06.010967838Z","level":"INFO","msg":"starting grpc app","service":"booking-service","env":"prod"}
{"time":"2026-05-08T16:01:06.012706422Z","level":"INFO","msg":"outbox worker started","service":"booking-service","env":"prod","trace_id":"f8f6b67ded1078d2a7e47c3ee02a8fde","span_id":"46657389b37f2622"}
{"time":"2026-05-08T16:01:06.014968713Z","level":"INFO","msg":"grpc listener started","service":"booking-service","env":"prod","addr":"[::]:60017"}
{"time":"2026-05-08T20:30:18.881885551Z","level":"INFO","msg":"shutdown signal received","service":"booking-service","env":"prod"}
{"time":"2026-05-08T20:30:18.887023135Z","level":"INFO","msg":"stopping grpc app","service":"booking-service","env":"prod"}
{"time":"2026-05-08T20:30:18.88928351Z","level":"INFO","msg":"stopping grpc server","service":"booking-service","env":"prod"}
{"time":"2026-05-08T20:30:18.894697843Z","level":"INFO","msg":"grpc server stopped","service":"booking-service","env":"prod"}
{"time":"2026-05-08T20:30:18.898595968Z","level":"INFO","msg":"outbox worker stopped","service":"booking-service","env":"prod","trace_id":"f8f6b67ded1078d2a7e47c3ee02a8fde","span_id":"46657389b37f2622"}
{"time":"2026-05-08T20:30:18.908451635Z","level":"WARN","msg":"outbox worker stopped","service":"booking-service","env":"prod","error":"context canceled"}
{"time":"2026-05-08T20:30:18.924321051Z","level":"INFO","msg":"traces export: Post \"http://jaeger:4318/v1/traces\": dial tcp 172.18.0.3:4318: connect: connection refused","service":"booking-service","env":"prod"}
{"time":"2026-05-09T14:07:50.890967962Z","level":"INFO","msg":"kafka producer initialized","service":"booking-service","env":"prod","brokers":["kafka:29092"]}
{"time":"2026-05-09T14:07:50.894994337Z","level":"INFO","msg":"application initialized","service":"booking-service","env":"prod"}
{"time":"2026-05-09T14:07:50.89697492Z","level":"INFO","msg":"starting grpc app","service":"booking-service","env":"prod"}
{"time":"2026-05-09T14:07:50.900120837Z","level":"INFO","msg":"outbox worker started","service":"booking-service","env":"prod","trace_id":"681cceeff2443514d308af8e9dac4dfb","span_id":"18c46a647d06cb46"}
{"time":"2026-05-09T14:07:50.901782087Z","level":"INFO","msg":"grpc listener started","service":"booking-service","env":"prod","addr":"[::]:60017"}
{"time":"2026-05-09T14:13:59.211776341Z","level":"INFO","msg":"booking created","service":"booking-service","env":"prod","booking_id":"fbd86238-7ca8-43d5-b465-f49258369163","resource_id":"c52165d6-6d08-4090-af1b-37f2416ea85e","user_id":"5ed8fad5-eba7-4481-9b10-692dfcb1ab7f","trace_id":"689dd025307256e7714eea3097d5b1f1","span_id":"d50532058e511e97"}
{"time":"2026-05-09T14:14:22.273050213Z","level":"WARN","msg":"grpc request failed","service":"booking-service","env":"prod","method":"/booking.v1.BookingService/CreateBooking","grpc_code":"Internal","error":"rpc error: code = Internal desc = failed to create booking: Service.CreateBooking: booking start time must be in the future","trace_id":"11db5c3f4f6623ec392c5afaf36d7f23","span_id":"6c480cfedc542462"}
{"time":"2026-05-09T14:29:44.673393042Z","level":"INFO","msg":"booking created","service":"booking-service","env":"prod","booking_id":"4cc168f9-df09-498b-b39e-cd4946b4cb97","resource_id":"c52165d6-6d08-4090-af1b-37f2416ea85e","user_id":"5ed8fad5-eba7-4481-9b10-692dfcb1ab7f","trace_id":"dc3b74e01e5aa0d051d702fe227dc4f5","span_id":"d3b5617b241b2683"}
{"time":"2026-05-09T21:17:57.24175588Z","level":"INFO","msg":"shutdown signal received","service":"booking-service","env":"prod"}
{"time":"2026-05-09T21:17:57.242966172Z","level":"INFO","msg":"stopping grpc app","service":"booking-service","env":"prod"}
{"time":"2026-05-09T21:17:57.24372713Z","level":"INFO","msg":"stopping grpc server","service":"booking-service","env":"prod"}
{"time":"2026-05-09T21:17:57.251347755Z","level":"INFO","msg":"grpc server stopped","service":"booking-service","env":"prod"}
{"time":"2026-05-09T21:17:57.253688422Z","level":"INFO","msg":"outbox worker stopped","service":"booking-service","env":"prod","trace_id":"681cceeff2443514d308af8e9dac4dfb","span_id":"18c46a647d06cb46"}
{"time":"2026-05-09T21:17:57.254803005Z","level":"WARN","msg":"outbox worker stopped","service":"booking-service","env":"prod","error":"context canceled"}
{"time":"2026-05-09T21:17:57.264281172Z","level":"INFO","msg":"kafka producer closed","service":"booking-service","env":"prod"}
{"time":"2026-05-09T21:17:57.271308755Z","level":"INFO","msg":"application stopped","service":"booking-service","env":"prod"}
{"time":"2026-05-09T21:17:57.274591005Z","level":"INFO","msg":"application stopped","service":"booking-service","env":"prod"}
{"time":"2026-05-09T21:17:57.276894213Z","level":"INFO","msg":"traces export: Post \"http://jaeger:4318/v1/traces\": dial tcp 172.18.0.2:4318: connect: connection refused","service":"booking-service","env":"prod"}
{"time":"2026-05-11T07:29:42.802710209Z","level":"INFO","msg":"kafka producer initialized","service":"booking-service","env":"prod","brokers":["kafka:29092"]}
{"time":"2026-05-11T07:29:42.807584084Z","level":"INFO","msg":"application initialized","service":"booking-service","env":"prod"}
{"time":"2026-05-11T07:29:42.809586543Z","level":"INFO","msg":"starting grpc app","service":"booking-service","env":"prod"}
{"time":"2026-05-11T07:29:42.811547043Z","level":"INFO","msg":"outbox worker started","service":"booking-service","env":"prod","trace_id":"8d2a5bc99434d490f9f1384252891e00","span_id":"e46064910ea1aed3"}
{"time":"2026-05-11T07:29:42.813927918Z","level":"INFO","msg":"grpc listener started","service":"booking-service","env":"prod","addr":"[::]:60017"}
{"time":"2026-05-11T07:40:15.093368127Z","level":"INFO","msg":"shutdown signal received","service":"booking-service","env":"prod"}
{"time":"2026-05-11T07:40:15.093992835Z","level":"INFO","msg":"stopping grpc app","service":"booking-service","env":"prod"}
{"time":"2026-05-11T07:40:15.095169294Z","level":"INFO","msg":"stopping grpc server","service":"booking-service","env":"prod"}
{"time":"2026-05-11T07:40:15.099536127Z","level":"INFO","msg":"grpc server stopped","service":"booking-service","env":"prod"}
{"time":"2026-05-11T07:40:15.101020044Z","level":"INFO","msg":"outbox worker stopped","service":"booking-service","env":"prod","trace_id":"8d2a5bc99434d490f9f1384252891e00","span_id":"e46064910ea1aed3"}
{"time":"2026-05-11T07:40:15.10193521Z","level":"WARN","msg":"outbox worker stopped","service":"booking-service","env":"prod","error":"context canceled"}
{"time":"2026-05-11T07:40:15.104764794Z","level":"INFO","msg":"kafka producer closed","service":"booking-service","env":"prod"}
{"time":"2026-05-11T07:40:34.660873761Z","level":"INFO","msg":"kafka producer initialized","service":"booking-service","env":"prod","brokers":["kafka:29092"]}
{"time":"2026-05-11T07:40:34.665567803Z","level":"INFO","msg":"application initialized","service":"booking-service","env":"prod"}
{"time":"2026-05-11T07:40:34.667160553Z","level":"INFO","msg":"starting grpc app","service":"booking-service","env":"prod"}
{"time":"2026-05-11T07:40:34.66906197Z","level":"INFO","msg":"outbox worker started","service":"booking-service","env":"prod","trace_id":"11e665464747a511e76ebe87b5e35783","span_id":"64c0d80c89039766"}
{"time":"2026-05-11T07:40:34.671243345Z","level":"INFO","msg":"grpc listener started","service":"booking-service","env":"prod","addr":"[::]:60017"}
{"time":"2026-05-11T07:44:49.554182338Z","level":"INFO","msg":"shutdown signal received","service":"booking-service","env":"prod"}
{"time":"2026-05-11T07:44:49.554944213Z","level":"INFO","msg":"stopping grpc app","service":"booking-service","env":"prod"}
{"time":"2026-05-11T07:44:49.556211129Z","level":"INFO","msg":"stopping grpc server","service":"booking-service","env":"prod"}
{"time":"2026-05-11T07:44:49.561515338Z","level":"INFO","msg":"grpc server stopped","service":"booking-service","env":"prod"}
{"time":"2026-05-11T07:44:49.564197713Z","level":"INFO","msg":"outbox worker stopped","service":"booking-service","env":"prod","trace_id":"11e665464747a511e76ebe87b5e35783","span_id":"64c0d80c89039766"}
{"time":"2026-05-11T07:45:09.513171847Z","level":"INFO","msg":"kafka producer initialized","service":"booking-service","env":"prod","brokers":["kafka:29092"]}
{"time":"2026-05-11T07:45:09.517783014Z","level":"INFO","msg":"application initialized","service":"booking-service","env":"prod"}
{"time":"2026-05-11T07:45:09.519093555Z","level":"INFO","msg":"starting grpc app","service":"booking-service","env":"prod"}
{"time":"2026-05-11T07:45:09.521210014Z","level":"INFO","msg":"outbox worker started","service":"booking-service","env":"prod","trace_id":"11fa9ff714b8fa6f2619b134ad4cdc17","span_id":"4c0d84e7d6e27940"}
{"time":"2026-05-11T07:45:09.523191139Z","level":"INFO","msg":"grpc listener started","service":"booking-service","env":"prod","addr":"[::]:60017"}
{"time":"2026-05-11T08:46:13.983349001Z","level":"INFO","msg":"shutdown signal received","service":"booking-service","env":"prod"}
{"time":"2026-05-11T08:46:13.985492293Z","level":"INFO","msg":"stopping grpc app","service":"booking-service","env":"prod"}
{"time":"2026-05-11T08:46:13.987424501Z","level":"INFO","msg":"stopping grpc server","service":"booking-service","env":"prod"}
{"time":"2026-05-11T08:46:13.992598335Z","level":"INFO","msg":"grpc server stopped","service":"booking-service","env":"prod"}
{"time":"2026-05-11T08:46:13.99435646Z","level":"INFO","msg":"outbox worker stopped","service":"booking-service","env":"prod","trace_id":"11fa9ff714b8fa6f2619b134ad4cdc17","span_id":"4c0d84e7d6e27940"}
{"time":"2026-05-11T08:46:13.995743876Z","level":"WARN","msg":"outbox worker stopped","service":"booking-service","env":"prod","error":"context canceled"}
{"time":"2026-05-11T08:50:59.4596513Z","level":"INFO","msg":"kafka producer initialized","service":"booking-service","env":"prod","brokers":["kafka:29092"]}
{"time":"2026-05-11T08:50:59.464025884Z","level":"INFO","msg":"application initialized","service":"booking-service","env":"prod"}
{"time":"2026-05-11T08:50:59.465528509Z","level":"INFO","msg":"starting grpc app","service":"booking-service","env":"prod"}
{"time":"2026-05-11T08:50:59.468070925Z","level":"INFO","msg":"outbox worker started","service":"booking-service","env":"prod","trace_id":"9eae650413a3e6b5b15489d0bec16fa3","span_id":"ea39d3d1727c7fc5"}
{"time":"2026-05-11T08:50:59.4695173Z","level":"INFO","msg":"grpc listener started","service":"booking-service","env":"prod","addr":"[::]:60017"}
{"time":"2026-05-11T09:56:59.270619508Z","level":"INFO","msg":"shutdown signal received","service":"booking-service","env":"prod"}
{"time":"2026-05-11T09:56:59.271356925Z","level":"INFO","msg":"stopping grpc app","service":"booking-service","env":"prod"}
{"time":"2026-05-11T09:56:59.2734958Z","level":"INFO","msg":"stopping grpc server","service":"booking-service","env":"prod"}
{"time":"2026-05-11T09:56:59.277703133Z","level":"INFO","msg":"grpc server stopped","service":"booking-service","env":"prod"}
{"time":"2026-05-11T09:57:55.456219964Z","level":"INFO","msg":"kafka producer initialized","service":"booking-service","env":"prod","brokers":["kafka:29092"]}
{"time":"2026-05-11T09:57:55.460691923Z","level":"INFO","msg":"application initialized","service":"booking-service","env":"prod"}
{"time":"2026-05-11T09:57:55.463034006Z","level":"INFO","msg":"starting grpc app","service":"booking-service","env":"prod"}
{"time":"2026-05-11T09:57:55.465733131Z","level":"INFO","msg":"outbox worker started","service":"booking-service","env":"prod","trace_id":"38b0969fdcd7dd13f7b06e62295435aa","span_id":"352e2dba254e4a43"}
{"time":"2026-05-11T09:57:55.467181839Z","level":"INFO","msg":"grpc listener started","service":"booking-service","env":"prod","addr":"[::]:60017"}
{"time":"2026-05-11T10:33:38.459225304Z","level":"INFO","msg":"shutdown signal received","service":"booking-service","env":"prod"}
{"time":"2026-05-11T10:33:38.46202172Z","level":"INFO","msg":"stopping grpc app","service":"booking-service","env":"prod"}
{"time":"2026-05-11T10:33:38.467339637Z","level":"INFO","msg":"stopping grpc server","service":"booking-service","env":"prod"}
{"time":"2026-05-11T10:33:38.482723554Z","level":"INFO","msg":"grpc server stopped","service":"booking-service","env":"prod"}
{"time":"2026-05-13T07:25:31.747284509Z","level":"INFO","msg":"kafka producer initialized","service":"booking-service","env":"prod","brokers":["kafka:29092"]}
{"time":"2026-05-13T07:25:31.751868259Z","level":"INFO","msg":"application initialized","service":"booking-service","env":"prod"}
{"time":"2026-05-13T07:25:31.755089384Z","level":"INFO","msg":"starting grpc app","service":"booking-service","env":"prod"}
{"time":"2026-05-13T07:25:31.757410842Z","level":"INFO","msg":"outbox worker started","service":"booking-service","env":"prod","trace_id":"4806d6ea480b189a92b76bbe967dee21","span_id":"4d54395df88f481d"}
{"time":"2026-05-13T07:25:31.758907217Z","level":"INFO","msg":"grpc listener started","service":"booking-service","env":"prod","addr":"[::]:60017"}
{"time":"2026-05-13T08:03:09.959747596Z","level":"INFO","msg":"booking created","service":"booking-service","env":"prod","booking_id":"467200e2-73cd-4795-83fc-c0d410c118bd","resource_id":"b11cc90c-78f2-44f7-b396-149d2eeee324","user_id":"9837366e-54d4-408c-be1b-4700e58980ec","trace_id":"6fcbbab6c8ec0e0145a8eecc272be121","span_id":"767015c1a4ec017b"}
{"time":"2026-05-13T08:30:37.032014178Z","level":"INFO","msg":"shutdown signal received","service":"booking-service","env":"prod"}
{"time":"2026-05-13T08:30:37.034011428Z","level":"INFO","msg":"stopping grpc app","service":"booking-service","env":"prod"}
{"time":"2026-05-13T08:30:37.035081553Z","level":"INFO","msg":"stopping grpc server","service":"booking-service","env":"prod"}
{"time":"2026-05-13T08:30:37.037530469Z","level":"INFO","msg":"grpc server stopped","service":"booking-service","env":"prod"}
{"time":"2026-05-13T08:30:37.042614136Z","level":"INFO","msg":"outbox worker stopped","service":"booking-service","env":"prod","trace_id":"4806d6ea480b189a92b76bbe967dee21","span_id":"4d54395df88f481d"}
{"time":"2026-05-13T08:33:09.997198138Z","level":"INFO","msg":"kafka producer initialized","service":"booking-service","env":"prod","brokers":["kafka:29092"]}
{"time":"2026-05-13T08:33:10.001004013Z","level":"INFO","msg":"application initialized","service":"booking-service","env":"prod"}
{"time":"2026-05-13T08:33:10.002777596Z","level":"INFO","msg":"starting grpc app","service":"booking-service","env":"prod"}
{"time":"2026-05-13T08:33:10.004942513Z","level":"INFO","msg":"outbox worker started","service":"booking-service","env":"prod","trace_id":"42e94e089af7a75d8dbe1cd53b111ef4","span_id":"703708b14a98cedf"}
{"time":"2026-05-13T08:33:10.007970554Z","level":"INFO","msg":"grpc listener started","service":"booking-service","env":"prod","addr":"[::]:60017"}
{"time":"2026-05-13T08:34:14.898439667Z","level":"INFO","msg":"traces export: Post \"http://jaeger:4318/v1/traces\": dial tcp: lookup jaeger on 127.0.0.11:53: no such host","service":"booking-service","env":"prod"}
{"time":"2026-05-13T08:35:14.898677667Z","level":"INFO","msg":"traces export: Post \"http://jaeger:4318/v1/traces\": dial tcp: lookup jaeger on 127.0.0.11:53: no such host","service":"booking-service","env":"prod"}
{"time":"2026-05-13T08:36:14.910202459Z","level":"INFO","msg":"traces export: Post \"http://jaeger:4318/v1/traces\": dial tcp: lookup jaeger on 127.0.0.11:53: no such host","service":"booking-service","env":"prod"}
{"time":"2026-05-13T08:37:14.928391251Z","level":"INFO","msg":"traces export: Post \"http://jaeger:4318/v1/traces\": dial tcp: lookup jaeger on 127.0.0.11:53: no such host","service":"booking-service","env":"prod"}
{"time":"2026-05-13T08:38:14.950727292Z","level":"INFO","msg":"traces export: Post \"http://jaeger:4318/v1/traces\": dial tcp: lookup jaeger on 127.0.0.11:53: no such host","service":"booking-service","env":"prod"}
{"time":"2026-05-13T08:39:14.974197376Z","level":"INFO","msg":"traces export: Post \"http://jaeger:4318/v1/traces\": dial tcp: lookup jaeger on 127.0.0.11:53: no such host","service":"booking-service","env":"prod"}
{"time":"2026-05-13T08:40:15.005129042Z","level":"INFO","msg":"traces export: Post \"http://jaeger:4318/v1/traces\": dial tcp: lookup jaeger on 127.0.0.11:53: no such host","service":"booking-service","env":"prod"}
{"time":"2026-05-13T08:40:45.018605251Z","level":"INFO","msg":"traces export: Post \"http://jaeger:4318/v1/traces\": dial tcp: lookup jaeger on 127.0.0.11:53: no such host","service":"booking-service","env":"prod"}
{"time":"2026-05-13T08:40:46.064084459Z","level":"INFO","msg":"booking created","service":"booking-service","env":"prod","booking_id":"bd380310-024d-498f-beb1-743b3d2bb560","resource_id":"b11cc90c-78f2-44f7-b396-149d2eeee324","user_id":"9837366e-54d4-408c-be1b-4700e58980ec","trace_id":"71208faf3b0285e7ae09b05c8e877214","span_id":"bbba892737438af7"}
{"time":"2026-05-13T08:40:50.017895836Z","level":"INFO","msg":"traces export: Post \"http://jaeger:4318/v1/traces\": dial tcp: lookup jaeger on 127.0.0.11:53: no such host","service":"booking-service","env":"prod"}
{"time":"2026-05-13T08:41:10.021630388Z","level":"INFO","msg":"traces export: Post \"http://jaeger:4318/v1/traces\": dial tcp: lookup jaeger on 127.0.0.11:53: no such host","service":"booking-service","env":"prod"}
{"time":"2026-05-13T08:42:10.043151554Z","level":"INFO","msg":"traces export: Post \"http://jaeger:4318/v1/traces\": dial tcp: lookup jaeger on 127.0.0.11:53: no such host","service":"booking-service","env":"prod"}
{"time":"2026-05-13T08:43:05.18271426Z","level":"INFO","msg":"shutdown signal received","service":"booking-service","env":"prod"}
{"time":"2026-05-13T08:43:05.184024427Z","level":"INFO","msg":"stopping grpc app","service":"booking-service","env":"prod"}
{"time":"2026-05-13T08:43:05.184311844Z","level":"INFO","msg":"stopping grpc server","service":"booking-service","env":"prod"}
{"time":"2026-05-13T08:43:05.188623427Z","level":"INFO","msg":"grpc server stopped","service":"booking-service","env":"prod"}
{"time":"2026-05-13T08:45:29.443942757Z","level":"INFO","msg":"kafka producer initialized","service":"booking-service","env":"prod","brokers":["kafka:29092"]}
{"time":"2026-05-13T08:45:29.450386966Z","level":"INFO","msg":"application initialized","service":"booking-service","env":"prod"}
{"time":"2026-05-13T08:45:29.452320132Z","level":"INFO","msg":"starting grpc app","service":"booking-service","env":"prod"}
{"time":"2026-05-13T08:45:29.454769466Z","level":"INFO","msg":"outbox worker started","service":"booking-service","env":"prod","trace_id":"b70e7d904403e2643c3c4ae44644fe97","span_id":"03436e01d2b8a93c"}
{"time":"2026-05-13T08:45:29.455351966Z","level":"INFO","msg":"metrics http server starting","service":"booking-service","env":"prod","component":"metrics_http","addr":":9097"}
{"time":"2026-05-13T08:45:29.458436257Z","level":"INFO","msg":"grpc listener started","service":"booking-service","env":"prod","addr":"[::]:60017"}
{"time":"2026-05-13T08:46:34.35643876Z","level":"INFO","msg":"traces export: Post \"http://jaeger:4318/v1/traces\": dial tcp: lookup jaeger on 127.0.0.11:53: no such host","service":"booking-service","env":"prod"}
{"time":"2026-05-13T08:47:34.326651551Z","level":"INFO","msg":"traces export: Post \"http://jaeger:4318/v1/traces\": dial tcp: lookup jaeger on 127.0.0.11:53: no such host","service":"booking-service","env":"prod"}
{"time":"2026-05-13T08:48:23.580697755Z","level":"INFO","msg":"shutdown signal received","service":"booking-service","env":"prod"}
{"time":"2026-05-13T08:48:23.582380171Z","level":"INFO","msg":"stopping grpc app","service":"booking-service","env":"prod"}
{"time":"2026-05-13T08:48:23.582812546Z","level":"INFO","msg":"stopping grpc server","service":"booking-service","env":"prod"}
{"time":"2026-05-13T08:48:23.588917921Z","level":"INFO","msg":"grpc server stopped","service":"booking-service","env":"prod"}
{"time":"2026-05-13T08:48:23.590911046Z","level":"INFO","msg":"outbox worker stopped","service":"booking-service","env":"prod","trace_id":"b70e7d904403e2643c3c4ae44644fe97","span_id":"03436e01d2b8a93c"}
{"time":"2026-05-13T08:48:23.591714046Z","level":"WARN","msg":"outbox worker stopped","service":"booking-service","env":"prod","error":"context canceled"}
{"time":"2026-05-13T08:48:23.595687505Z","level":"INFO","msg":"kafka producer closed","service":"booking-service","env":"prod"}
{"time":"2026-05-13T08:48:23.610600421Z","level":"INFO","msg":"stopping metrics http server","service":"booking-service","env":"prod","component":"metrics_http"}
{"time":"2026-05-13T08:48:23.613706671Z","level":"INFO","msg":"metrics http server stopped","service":"booking-service","env":"prod","component":"metrics_http"}
{"time":"2026-05-13T08:48:23.613909838Z","level":"INFO","msg":"application stopped","service":"booking-service","env":"prod"}
{"time":"2026-05-13T08:48:23.614279671Z","level":"INFO","msg":"application stopped","service":"booking-service","env":"prod"}
{"time":"2026-05-13T08:48:23.614729088Z","level":"INFO","msg":"traces export: Post \"http://jaeger:4318/v1/traces\": dial tcp: lookup jaeger on 127.0.0.11:53: no such host","service":"booking-service","env":"prod"}
{"time":"2026-05-13T08:48:47.214803127Z","level":"INFO","msg":"kafka producer initialized","service":"booking-service","env":"prod","brokers":["kafka:29092"]}
{"time":"2026-05-13T08:48:47.223707835Z","level":"INFO","msg":"application initialized","service":"booking-service","env":"prod"}
{"time":"2026-05-13T08:48:47.22503721Z","level":"INFO","msg":"starting grpc app","service":"booking-service","env":"prod"}
{"time":"2026-05-13T08:48:47.227186543Z","level":"INFO","msg":"metrics http server starting","service":"booking-service","env":"prod","component":"metrics_http","addr":":9097"}
{"time":"2026-05-13T08:48:47.227676585Z","level":"INFO","msg":"outbox worker started","service":"booking-service","env":"prod","trace_id":"c2239fc482c3ded23c104810c9b1a5f3","span_id":"02d209d52390fded"}
{"time":"2026-05-13T08:48:47.229969627Z","level":"INFO","msg":"grpc listener started","service":"booking-service","env":"prod","addr":"[::]:60017"}
{"time":"2026-05-13T08:57:01.681963842Z","level":"INFO","msg":"shutdown signal received","service":"booking-service","env":"prod"}
{"time":"2026-05-13T08:57:01.682675717Z","level":"INFO","msg":"stopping grpc app","service":"booking-service","env":"prod"}
{"time":"2026-05-13T08:57:01.683252259Z","level":"INFO","msg":"stopping grpc server","service":"booking-service","env":"prod"}
{"time":"2026-05-13T08:57:01.689033384Z","level":"INFO","msg":"grpc server stopped","service":"booking-service","env":"prod"}
{"time":"2026-05-13T08:57:01.694453675Z","level":"INFO","msg":"outbox worker stopped","service":"booking-service","env":"prod","trace_id":"c2239fc482c3ded23c104810c9b1a5f3","span_id":"02d209d52390fded"}
{"time":"2026-05-13T08:57:34.221760385Z","level":"INFO","msg":"kafka producer initialized","service":"booking-service","env":"prod","brokers":["kafka:29092"]}
{"time":"2026-05-13T08:57:34.229312218Z","level":"INFO","msg":"application initialized","service":"booking-service","env":"prod"}
{"time":"2026-05-13T08:57:34.230824218Z","level":"INFO","msg":"starting grpc app","service":"booking-service","env":"prod"}
{"time":"2026-05-13T08:57:34.232980676Z","level":"INFO","msg":"metrics http server starting","service":"booking-service","env":"prod","component":"metrics_http","addr":":9097"}
{"time":"2026-05-13T08:57:34.233086593Z","level":"INFO","msg":"outbox worker started","service":"booking-service","env":"prod","trace_id":"31e850c8e48b8f3a11853ed439d6e013","span_id":"d0a3cdd37e50f4d2"}
{"time":"2026-05-13T08:57:34.235805468Z","level":"INFO","msg":"grpc listener started","service":"booking-service","env":"prod","addr":"[::]:60017"}
